// Jest Snapshot v1, https://goo.gl/fbAQLP

exports[`should render snapshot 1`] = `
<DocumentFragment>
  <div
    class="heading"
  >
    Add or Modify Invoice Details
    <table
      class="table table-dark table-striped table-bordered table-hover"
    >
      <thead>
        <tr>
          <th>
            Invoice Reference Number
          </th>
          <th>
            Customer Name
          </th>
          <th>
            Creation Date
          </th>
          <th>
            Amount
          </th>
          <th>
            Payment Status
          </th>
          <th>
            Action
          </th>
        </tr>
      </thead>
      <tbody>
        <tr>
          <td>
            <input
              disabled=""
              type="text"
              value="NEXT123"
            />
          </td>
          <td>
            <input
              disabled=""
              type="text"
              value="NEXT"
            />
          </td>
          <td>
            <input
              disabled=""
              type="text"
              value="2020-08-05"
            />
          </td>
          <td>
            <input
              disabled=""
              type="text"
              value="6000"
            />
          </td>
          <td>
            <span
              class="paid"
            >
              PAID
            </span>
          </td>
          <td>
            <span>
              N/A
            </span>
          </td>
        </tr>
        <tr>
          <td>
            <input
              type="text"
              value="WAITROSE123"
            />
          </td>
          <td>
            <input
              type="text"
              value="WAITROSE"
            />
          </td>
          <td>
            <input
              type="text"
              value="2020-08-08"
            />
          </td>
          <td>
            <input
              type="text"
              value="600"
            />
          </td>
          <td>
            <span
              class="unpaid"
            >
              NOT PAID
            </span>
          </td>
          <td>
            <span
              class="action"
            >
              <button
                class="btn btn-secondary"
                type="button"
              >
                Save
              </button>
              <button
                class="btn btn-secondary"
                type="button"
              >
                Remove
              </button>
            </span>
          </td>
        </tr>
        <tr>
          <td>
            <input
              type="text"
              value="UBER123"
            />
          </td>
          <td>
            <input
              type="text"
              value="UBER"
            />
          </td>
          <td>
            <input
              type="text"
              value="2020-08-08"
            />
          </td>
          <td>
            <input
              type="text"
              value="-40"
            />
          </td>
          <td>
            <span
              class="unpaid"
            >
              NOT PAID
            </span>
          </td>
          <td>
            <span
              class="action"
            >
              <button
                class="btn btn-secondary"
                type="button"
              >
                Save
              </button>
              <button
                class="btn btn-secondary"
                type="button"
              >
                Remove
              </button>
            </span>
          </td>
        </tr>
      </tbody>
    </table>
    <button
      class="btn btn-primary"
      data-testid="add-new-invoice"
      type="button"
    >
      Add New Invoice
    </button>
  </div>
</DocumentFragment>
`;
