// Jest Snapshot v1, https://goo.gl/fbAQLP

exports[`should render the component 1`] = `
<DocumentFragment>
  <tr>
    <td>
      <input
        data-testid="reference-number"
        type="text"
        value="UBER123"
      />
    </td>
    <td>
      <input
        data-testid="customer-name"
        type="text"
        value="UBER"
      />
    </td>
    <td>
      <input
        data-testid="creation-date"
        type="text"
        value="2020-08-08"
      />
    </td>
    <td>
      <input
        data-testid="amount"
        type="number"
        value="-40"
      />
    </td>
    <td>
      <span
        class="unpaid"
      >
        NOT PAID
      </span>
    </td>
    <td>
      <span
        class="action"
      >
        <button
          class="btn btn-secondary"
          type="button"
        >
          Save
        </button>
        <button
          class="btn btn-secondary"
          type="button"
        >
          Remove
        </button>
      </span>
    </td>
  </tr>
</DocumentFragment>
`;
